[2m2025-07-05T04:30:58.628110Z[0m [32m INFO[0m [2mlore_engine[0m[2m:[0m Lore Engine evolving version initialized
[2m2025-07-05T04:30:58.681503Z[0m [32m INFO[0m [2mlore_engine::utils[0m[2m:[0m Timer 'test_operation' elapsed: 50.00ms
✅ SUCCESS: lore_engine imported
📦 Available: ['EvolutionEngine', 'MemoryInfo', 'PerformanceCounter', 'Timer', 'benchmark_function', 'get_system_info', 'lore_engine']
🖥️  System info: Lore Engine System Info:
- CPU cores: 8
- Rayon threads: 8
- Rust version: 0.1.0
- Build: Debug...
🧬 Engine created with population: 100
⏱️  Timer test: 50.00ms
📊 Counter test: 11
🎉 ALL TESTS PASSED!
